<?xml version="1.0" encoding="UTF-8"?>
<testsuites name="Mocha Tests" time="0.034" tests="13" failures="7" skipped="3">
  <testsuite name="Root Suite" timestamp="2022-12-29T05:43:50" tests="0" time="0.000" failures="0">
  </testsuite>
  <testsuite name="Flaky-sub-most" timestamp="2022-12-29T05:43:50" tests="4" file="/Users/gokhansimsek/Desktop/flaky/mocha/test/sub.test.js" time="0.014" failures="2">
    <testcase name="Flaky-sub-most should pass only on third run" time="0.000" classname="should pass only on third run">
    </testcase>
    <testcase name="Flaky-sub-most should not pass" time="0.001" classname="should not pass">
      <failure message="expected -1 to equal 5" type="AssertionError"><![CDATA[AssertionError: expected -1 to equal 5
    at Context.<anonymous> (test/sub.test.js:22:33)
    at processImmediate (internal/timers.js:464:21)

      + expected - actual

      --1
      +5
      ]]></failure>
    </testcase>
    <testcase name="Flaky-sub-most should raise error" time="0.000" classname="should raise error">
      <failure message="intentional error!" type="Error"><![CDATA[Error: intentional error!
    at Context.<anonymous> (test/sub.test.js:26:15)
    at processImmediate (internal/timers.js:464:21)]]></failure>
    </testcase>
  </testsuite>
  <testsuite name="Flaky-sub-most-2" timestamp="2022-12-29T05:43:50" tests="4" file="/Users/gokhansimsek/Desktop/flaky/mocha/test/sub.test.js" time="0.011" failures="3">
    <testcase name="Flaky-sub-most-2 should pass only on third run" time="0.000" classname="should pass only on third run">
      <failure message="expected -1 to equal 5" type="AssertionError"><![CDATA[AssertionError: expected -1 to equal 5
    at Context.<anonymous> (test/sub.test.js:38:36)
    at processImmediate (internal/timers.js:464:21)

      + expected - actual

      --1
      +5
      ]]></failure>
    </testcase>
    <testcase name="Flaky-sub-most-2 should not pass" time="0.000" classname="should not pass">
      <failure message="expected -1 to equal 5" type="AssertionError"><![CDATA[AssertionError: expected -1 to equal 5
    at Context.<anonymous> (test/sub.test.js:47:32)
    at processImmediate (internal/timers.js:464:21)

      + expected - actual

      --1
      +5
      ]]></failure>
    </testcase>
    <testcase name="Flaky-sub-most-2 should raise error" time="0.000" classname="should raise error">
      <failure message="intentional error!" type="Error"><![CDATA[Error: intentional error!
    at Context.<anonymous> (test/sub.test.js:51:15)
    at processImmediate (internal/timers.js:464:21)]]></failure>
    </testcase>
  </testsuite>
  <testsuite name="success-sub" timestamp="2022-12-29T05:43:50" tests="1" file="/Users/gokhansimsek/Desktop/flaky/mocha/test/sub.test.js" time="0.003" failures="1">
    <testcase name="success-sub should dasdasdasdasda" time="0.000" classname="should dasdasdasdasda">
      <failure message="expected -1 to equal 3" type="AssertionError"><![CDATA[AssertionError: expected -1 to equal 3
    at Context.<anonymous> (test/sub.test.js:57:32)
    at processImmediate (internal/timers.js:464:21)

      + expected - actual

      --1
      +3
      ]]></failure>
    </testcase>
  </testsuite>
  <testsuite name="Flaky" timestamp="2022-12-29T05:43:50" tests="4" file="/Users/gokhansimsek/Desktop/flaky/mocha/test/sum.test.js" time="0.004" failures="1">
    <testcase name="Flaky should pass only on first run" time="0.000" classname="should pass only on first run">
    </testcase>
    <testcase name="Flaky should pass only on third run" time="0.000" classname="should pass only on third run">
    </testcase>
    <testcase name="Flaky should not pass" time="0.000" classname="should not pass">
      <failure message="expected 3 to equal 5" type="AssertionError"><![CDATA[AssertionError: expected 3 to equal 5
    at Context.<anonymous> (test/sum.test.js:24:32)
    at processImmediate (internal/timers.js:464:21)

      + expected - actual

      -3
      +5
      ]]></failure>
    </testcase>
  </testsuite>
</testsuites>